# Alien::astyle Developer Notes 20180328 2018.087

##########################################################################################
# CPAN DISTRIBUTION
##########################################################################################

# DEV NOTE: dist.ini uses Dist::Zilla to interface with PAUSE & CPAN
# Build.PL uses Module::Builder???

# INSTALL BUILD PREREQUISITES
$ cpanm Dist::Zilla
$ cpanm Dist::Zilla::Plugin::Alien
$ cpanm Alien::Build
$ cpanm Alien::gmake

# CLEAN PERL5LIB
$ perl -e 'use Alien::astyle;'
# EXAMPLE ERROR: unable to find dist share directory for Alien-astyle
$ set | grep PERL5LIB
# copy-paste PERL5LIB
# move "blib/lib" and "lib" entries to very end of PERL5LIB, after "~/perl5/lib/perl5" or other location of share dir
$ export PERL5LIB=...:~/perl5/lib/perl5:blib/lib:lib
$ perl -e 'use Alien::astyle;'

# UPDATE VERSION NUMBERS
$ vi Changes
    # version, date, name, notes
$ vi lib/Alien/astyle.pm
    # $VERSION
$ vi dist.ini
    version
$ vi Build.PL
    dist_version

# CREATE DISTZILLA FILES, IGNORE FAILURES
# EXAMPLE ERROR: No command 'Build' found, did you mean
# EXAMPLE ERROR: Could not find any matching files at Alien/Base/ModuleBuild.pm line 382.  Can't call method "version" on an undefined value at Alien/Base/ModuleBuild.pm line 391.
$ Build realclean
$ mv Build.PL Build.PL.manual
$ rm MANIFEST
$ dzil clean
$ dzil release
# NEED FIX: unable to find dist share directory for Alien-astyle
# CHEAT:    Build realclean; mv Build.PL Build.PL.manual; rm MANIFEST; dzil clean; dzil release

# FIX BROKEN DISTZILLA FILES
$ ./script/dev/alien_astyle_uninstall.sh
$ cd Alien-astyle-*
$ rm Makefile.PL
# NEED ANSWER: why is appveyor.yml not properly excluded by MANIFEST.SKIP?
$ rm appveyor.yml
$ vi MANIFEST
    remove appveyor.yml
    remove Makefile.PL
$ rm Build.PL
$ cp ../Build.PL.manual ./Build.PL
# CHEAT:    ./script/dev/alien_astyle_uninstall.sh; cd Alien-astyle-*; rm Makefile.PL; rm appveyor.yml; vi MANIFEST; rm Build.PL; cp ../Build.PL.manual ./Build.PL

# TEST FIXED DISTZILLA FILES
$ perl Build.PL
$ Build test
$ Build install
$ perl -e 'use Alien::astyle; use Env qw(@PATH); unshift @PATH, Alien::astyle->bin_dir(); print `astyle --version`, "\n";'
$ Build realclean
$ cd ..
# CHEAT:    perl Build.PL; Build test; Build install; perl -e 'use Alien::astyle; use Env qw(@PATH); unshift @PATH, Alien::astyle->bin_dir(); print `astyle --version`, "\n";'; Build realclean; cd ..

# DELETE & RECREATE TARBALL, DELETE DIST & BUILD DIRECTORIES
$ rm ./Alien-astyle-*.tar.gz
$ tar -czvf ./Alien-astyle-VERSION_LONG.tar.gz ./Alien-astyle-VERSION_LONG
$ rm -Rf ./Alien-astyle-VERSION_LONG
$ mv Alien-astyle*.tar.gz backup/
$ dzil clean
$ mv Build.PL.manual Build.PL
# MUST EDIT!!! CHEAT:    rm ./Alien-astyle-*.tar.gz; tar -czvf ./Alien-astyle-VERSION_LONG.tar.gz ./Alien-astyle-VERSION_LONG; rm -Rf ./Alien-astyle-VERSION_LONG; mv Alien-astyle*.tar.gz backup/; dzil clean; mv Build.PL.manual Build.PL

# UPLOAD TO GITHUB & CPAN
$ git add -A; git commit -a
    CPAN Release, vX.Y00000; Codename FOO, BAR Edition
$ git push origin master
$ apt-get install libssl-dev
    # to avoid 'fatal error: openssl/err.h: No such file or directory' during install of Net::SSLeay, subdep of CPAN::Uploader
$ cpanm CPAN::Uploader
$ cpan-upload -v -u WBRASWELL --dry-run backup/Alien-astyle-VERSION.tar.gz
    # ARE YOU SURE YOU WISH TO PROCEED?!?
$ cpan-upload -v -u WBRASWELL backup/Alien-astyle-VERSION.tar.gz
